SensorTile_gg.c:86:18:BSP_GG_Init	8	static
SensorTile_gg.c:142:18:BSP_GG_DeInit	8	static
SensorTile_gg.c:181:18:BSP_GG_IsInitialized	0	static
SensorTile_gg.c:209:18:BSP_GG_IsCombo	0	static
SensorTile_gg.c:236:18:BSP_GG_Get_WhoAmI	8	static
SensorTile_gg.c:273:18:BSP_GG_Task	8	static
SensorTile_gg.c:301:18:BSP_GG_Reset	8	static
SensorTile_gg.c:328:18:BSP_GG_Stop	8	static
SensorTile_gg.c:356:18:BSP_GG_GetOCV	8	static
SensorTile_gg.c:384:18:BSP_GG_GetSOC	8	static
SensorTile_gg.c:412:18:BSP_GG_GetChargeValue	8	static
SensorTile_gg.c:440:18:BSP_GG_GetPresence	8	static
SensorTile_gg.c:468:18:BSP_GG_GetCurrent	8	static
SensorTile_gg.c:496:18:BSP_GG_GetVoltage	8	static
SensorTile_gg.c:524:18:BSP_GG_GetTemperature	8	static
SensorTile_gg.c:551:18:BSP_GG_GetRemTime	8	static
SensorTile_gg.c:584:9:Sensor_IO_Write	8	static
SensorTile_gg.c:607:9:Sensor_IO_Read	8	static
