SensorTile_motion_sensors_ex.c:33:9:BSP_MOTION_SENSOR_Enable_6D_Orientation	8	static
SensorTile_motion_sensors_ex.c:77:9:BSP_MOTION_SENSOR_Disable_6D_Orientation	8	static
SensorTile_motion_sensors_ex.c:122:9:BSP_MOTION_SENSOR_Set_6D_Orientation_Threshold	8	static
SensorTile_motion_sensors_ex.c:168:9:BSP_MOTION_SENSOR_Enable_Free_Fall_Detection	8	static
SensorTile_motion_sensors_ex.c:212:9:BSP_MOTION_SENSOR_Disable_Free_Fall_Detection	8	static
SensorTile_motion_sensors_ex.c:257:9:BSP_MOTION_SENSOR_Set_Free_Fall_Threshold	8	static
SensorTile_motion_sensors_ex.c:302:9:BSP_MOTION_SENSOR_Set_Free_Fall_Duration	8	static
SensorTile_motion_sensors_ex.c:347:9:BSP_MOTION_SENSOR_Enable_Pedometer	8	static
SensorTile_motion_sensors_ex.c:396:9:BSP_MOTION_SENSOR_Disable_Pedometer	8	static
SensorTile_motion_sensors_ex.c:441:9:BSP_MOTION_SENSOR_Set_Pedometer_Threshold	8	static
SensorTile_motion_sensors_ex.c:486:9:BSP_MOTION_SENSOR_Reset_Step_Counter	8	static
SensorTile_motion_sensors_ex.c:532:9:BSP_MOTION_SENSOR_Enable_Single_Tap_Detection	8	static
SensorTile_motion_sensors_ex.c:576:9:BSP_MOTION_SENSOR_Disable_Single_Tap_Detection	8	static
SensorTile_motion_sensors_ex.c:622:9:BSP_MOTION_SENSOR_Enable_Double_Tap_Detection	8	static
SensorTile_motion_sensors_ex.c:666:9:BSP_MOTION_SENSOR_Disable_Double_Tap_Detection	8	static
SensorTile_motion_sensors_ex.c:711:9:BSP_MOTION_SENSOR_Set_Tap_Threshold	8	static
SensorTile_motion_sensors_ex.c:756:9:BSP_MOTION_SENSOR_Set_Tap_Shock_Time	8	static
SensorTile_motion_sensors_ex.c:801:9:BSP_MOTION_SENSOR_Set_Tap_Quiet_Time	8	static
SensorTile_motion_sensors_ex.c:846:9:BSP_MOTION_SENSOR_Set_Tap_Duration_Time	8	static
SensorTile_motion_sensors_ex.c:892:9:BSP_MOTION_SENSOR_Enable_Tilt_Detection	8	static
SensorTile_motion_sensors_ex.c:936:9:BSP_MOTION_SENSOR_Disable_Tilt_Detection	8	static
SensorTile_motion_sensors_ex.c:982:9:BSP_MOTION_SENSOR_Enable_Wake_Up_Detection	8	static
SensorTile_motion_sensors_ex.c:1026:9:BSP_MOTION_SENSOR_Disable_Wake_Up_Detection	8	static
SensorTile_motion_sensors_ex.c:1071:9:BSP_MOTION_SENSOR_Set_Wake_Up_Threshold	8	static
SensorTile_motion_sensors_ex.c:1116:9:BSP_MOTION_SENSOR_Set_Wake_Up_Duration	8	static
SensorTile_motion_sensors_ex.c:1161:9:BSP_MOTION_SENSOR_Enable_Inactivity_Detection	8	static
SensorTile_motion_sensors_ex.c:1205:9:BSP_MOTION_SENSOR_Disable_Inactivity_Detection	8	static
SensorTile_motion_sensors_ex.c:1250:9:BSP_MOTION_SENSOR_Set_Sleep_Duration	8	static
SensorTile_motion_sensors_ex.c:1295:9:BSP_MOTION_SENSOR_Get_Event_Status	8	static
SensorTile_motion_sensors_ex.c:1345:9:BSP_MOTION_SENSOR_Get_DRDY_Status	8	static
SensorTile_motion_sensors_ex.c:1422:9:BSP_MOTION_SENSOR_Get_6D_Orientation_XL	8	static
SensorTile_motion_sensors_ex.c:1467:9:BSP_MOTION_SENSOR_Get_6D_Orientation_XH	8	static
SensorTile_motion_sensors_ex.c:1512:9:BSP_MOTION_SENSOR_Get_6D_Orientation_YL	8	static
SensorTile_motion_sensors_ex.c:1557:9:BSP_MOTION_SENSOR_Get_6D_Orientation_YH	8	static
SensorTile_motion_sensors_ex.c:1602:9:BSP_MOTION_SENSOR_Get_6D_Orientation_ZL	8	static
SensorTile_motion_sensors_ex.c:1647:9:BSP_MOTION_SENSOR_Get_6D_Orientation_ZH	8	static
SensorTile_motion_sensors_ex.c:1692:9:BSP_MOTION_SENSOR_Get_Step_Count	8	static
SensorTile_motion_sensors_ex.c:1738:9:BSP_MOTION_SENSOR_Read_Register	8	static
SensorTile_motion_sensors_ex.c:1798:9:BSP_MOTION_SENSOR_Write_Register	8	static
SensorTile_motion_sensors_ex.c:1857:9:BSP_MOTION_SENSOR_FIFO_Get_Num_Samples	8	static
SensorTile_motion_sensors_ex.c:1902:9:BSP_MOTION_SENSOR_FIFO_Get_Full_Status	8	static
SensorTile_motion_sensors_ex.c:1949:9:BSP_MOTION_SENSOR_FIFO_Set_Decimation	8	static
SensorTile_motion_sensors_ex.c:2012:9:BSP_MOTION_SENSOR_FIFO_Set_ODR_Value	8	static
SensorTile_motion_sensors_ex.c:2057:9:BSP_MOTION_SENSOR_FIFO_Set_INT1_FIFO_Full	8	static
SensorTile_motion_sensors_ex.c:2102:9:BSP_MOTION_SENSOR_FIFO_Set_Watermark_Level	8	static
SensorTile_motion_sensors_ex.c:2147:9:BSP_MOTION_SENSOR_FIFO_Set_Stop_On_Fth	8	static
SensorTile_motion_sensors_ex.c:2192:9:BSP_MOTION_SENSOR_FIFO_Set_Mode	8	static
SensorTile_motion_sensors_ex.c:2237:9:BSP_MOTION_SENSOR_FIFO_Get_Pattern	8	static
SensorTile_motion_sensors_ex.c:2284:9:BSP_MOTION_SENSOR_FIFO_Get_Axis	8	static
SensorTile_motion_sensors_ex.c:2349:9:BSP_MOTION_SENSOR_Set_SelfTest	8	static
