MotionTL_Manager.c:79:6:MotionTL_manager_run	16	static
MotionTL_Manager.c:90:6:MotionTL_manager_getAngleMode	24	static
MotionTL_Manager.c:102:6:MotionTL_manager_setAngleMode	24	static
MotionTL_Manager.c:116:6:MotionTL_manager_get_version	8	static
MotionTL_Manager.c:126:6:MotionTL_manager_calibratePosition	1208	static
MotionTL_Manager.c:141:18:MotionTL_manager_getCalibrationValues	8	static
MotionTL_Manager.c:151:6:MotionTL_manager_setCalibrationValues	8	static
MotionTL_Manager.c:161:6:MotionTL_manager_getEstimatedMeasTime	8	static
MotionTL_Manager.c:171:9:MotionTL_manager_LoadCalValuesFromNVM	40	static
MotionTL_Manager.c:47:6:MotionTL_manager_init	336	static
MotionTL_Manager.c:192:9:MotionTL_manager_SaveCalValuesInNVM	40	static
