lsm6dsm.c:279:9:LSM6DSM_GetCapabilities	0	static
lsm6dsm.c:3074:16:LSM6DSM_ACC_SetOutputDataRate_When_Disabled	0	static
lsm6dsm.c:3126:16:LSM6DSM_GYRO_SetOutputDataRate_When_Disabled	0	static
lsm6dsm.c:3150:16:ReadRegWrap	8	static
lsm6dsm.c:3165:16:WriteRegWrap	8	static
lsm6dsm.c:302:9:LSM6DSM_ACC_Enable	8	static
lsm6dsm.c:3044:16:LSM6DSM_ACC_SetOutputDataRate_When_Enabled	8	static
lsm6dsm.c:476:9:LSM6DSM_ACC_SetOutputDataRate	8	static
lsm6dsm.c:538:9:LSM6DSM_ACC_SetFullScale	8	static
lsm6dsm.c:617:9:LSM6DSM_GYRO_Enable	8	static
lsm6dsm.c:3096:16:LSM6DSM_GYRO_SetOutputDataRate_When_Enabled	8	static
lsm6dsm.c:791:9:LSM6DSM_GYRO_SetOutputDataRate	8	static
lsm6dsm.c:174:9:LSM6DSM_Init	16	static
lsm6dsm.c:857:9:LSM6DSM_GYRO_SetFullScale	8	static
lsm6dsm.c:263:9:LSM6DSM_ReadID	8	static
lsm6dsm.c:326:9:LSM6DSM_ACC_Disable	16	static
lsm6dsm.c:401:9:LSM6DSM_ACC_GetOutputDataRate	16	static
lsm6dsm.c:357:9:LSM6DSM_ACC_GetSensitivity	16	static
lsm6dsm.c:495:9:LSM6DSM_ACC_GetFullScale	16	static
lsm6dsm.c:563:9:LSM6DSM_ACC_GetAxesRaw	16	static
lsm6dsm.c:587:9:LSM6DSM_ACC_GetAxes	32	static
lsm6dsm.c:641:9:LSM6DSM_GYRO_Disable	16	static
lsm6dsm.c:235:9:LSM6DSM_DeInit	8	static
lsm6dsm.c:720:9:LSM6DSM_GYRO_GetOutputDataRate	16	static
lsm6dsm.c:672:9:LSM6DSM_GYRO_GetSensitivity	16	static
lsm6dsm.c:810:9:LSM6DSM_GYRO_GetFullScale	16	static
lsm6dsm.c:881:9:LSM6DSM_GYRO_GetAxesRaw	16	static
lsm6dsm.c:905:9:LSM6DSM_GYRO_GetAxes	32	static
lsm6dsm.c:937:9:LSM6DSM_Read_Reg	8	static
lsm6dsm.c:954:9:LSM6DSM_Write_Reg	16	static
lsm6dsm.c:117:9:LSM6DSM_RegisterBusIO	8	static
lsm6dsm.c:970:9:LSM6DSM_Set_Interrupt_Latch	8	static
lsm6dsm.c:991:9:LSM6DSM_ACC_Enable_Free_Fall_Detection	24	static
lsm6dsm.c:1083:9:LSM6DSM_ACC_Disable_Free_Fall_Detection	16	static
lsm6dsm.c:1134:9:LSM6DSM_ACC_Set_Free_Fall_Threshold	8	static
lsm6dsm.c:1150:9:LSM6DSM_ACC_Set_Free_Fall_Duration	8	static
lsm6dsm.c:1165:9:LSM6DSM_ACC_Enable_Pedometer	24	static
lsm6dsm.c:1238:9:LSM6DSM_ACC_Disable_Pedometer	16	static
lsm6dsm.c:1290:9:LSM6DSM_ACC_Get_Step_Count	8	static
lsm6dsm.c:1305:9:LSM6DSM_ACC_Enable_Step_Counter_Reset	8	static
lsm6dsm.c:1320:9:LSM6DSM_ACC_Disable_Step_Counter_Reset	8	static
lsm6dsm.c:1336:9:LSM6DSM_ACC_Set_Pedometer_Threshold	8	static
lsm6dsm.c:1352:9:LSM6DSM_ACC_Enable_Tilt_Detection	24	static
lsm6dsm.c:1420:9:LSM6DSM_ACC_Disable_Tilt_Detection	16	static
lsm6dsm.c:1465:9:LSM6DSM_ACC_Enable_Wake_Up_Detection	24	static
lsm6dsm.c:1539:9:LSM6DSM_ACC_Disable_Wake_Up_Detection	16	static
lsm6dsm.c:1590:9:LSM6DSM_ACC_Set_Wake_Up_Threshold	8	static
lsm6dsm.c:1607:9:LSM6DSM_ACC_Set_Wake_Up_Duration	8	static
lsm6dsm.c:1624:9:LSM6DSM_ACC_Enable_Inactivity_Detection	24	static
lsm6dsm.c:1694:9:LSM6DSM_ACC_Disable_Inactivity_Detection	16	static
lsm6dsm.c:1751:9:LSM6DSM_ACC_Set_Sleep_Duration	8	static
lsm6dsm.c:1768:9:LSM6DSM_ACC_Enable_Single_Tap_Detection	24	static
lsm6dsm.c:1870:9:LSM6DSM_ACC_Disable_Single_Tap_Detection	16	static
lsm6dsm.c:1945:9:LSM6DSM_ACC_Enable_Double_Tap_Detection	24	static
lsm6dsm.c:2055:9:LSM6DSM_ACC_Disable_Double_Tap_Detection	16	static
lsm6dsm.c:2142:9:LSM6DSM_ACC_Set_Tap_Threshold	8	static
lsm6dsm.c:2159:9:LSM6DSM_ACC_Set_Tap_Shock_Time	8	static
lsm6dsm.c:2176:9:LSM6DSM_ACC_Set_Tap_Quiet_Time	8	static
lsm6dsm.c:2193:9:LSM6DSM_ACC_Set_Tap_Duration_Time	8	static
lsm6dsm.c:2210:9:LSM6DSM_ACC_Enable_6D_Orientation	24	static
lsm6dsm.c:2278:9:LSM6DSM_ACC_Disable_6D_Orientation	16	static
lsm6dsm.c:2323:9:LSM6DSM_ACC_Set_6D_Orientation_Threshold	8	static
lsm6dsm.c:2339:9:LSM6DSM_ACC_Get_6D_Orientation_XL	16	static
lsm6dsm.c:2359:9:LSM6DSM_ACC_Get_6D_Orientation_XH	16	static
lsm6dsm.c:2379:9:LSM6DSM_ACC_Get_6D_Orientation_YL	16	static
lsm6dsm.c:2399:9:LSM6DSM_ACC_Get_6D_Orientation_YH	16	static
lsm6dsm.c:2419:9:LSM6DSM_ACC_Get_6D_Orientation_ZL	16	static
lsm6dsm.c:2439:9:LSM6DSM_ACC_Get_6D_Orientation_ZH	16	static
lsm6dsm.c:2459:9:LSM6DSM_ACC_Get_Event_Status	48	static
lsm6dsm.c:2585:9:LSM6DSM_ACC_Set_SelfTest	8	static
lsm6dsm.c:2608:9:LSM6DSM_ACC_Get_DRDY_Status	8	static
lsm6dsm.c:2624:9:LSM6DSM_ACC_Get_Init_Status	0	static
lsm6dsm.c:2642:9:LSM6DSM_GYRO_Set_SelfTest	8	static
lsm6dsm.c:2666:9:LSM6DSM_GYRO_Get_DRDY_Status	8	static
lsm6dsm.c:2682:9:LSM6DSM_GYRO_Get_Init_Status	0	static
lsm6dsm.c:2700:9:LSM6DSM_FIFO_Get_Num_Samples	8	static
lsm6dsm.c:2716:9:LSM6DSM_FIFO_Get_Full_Status	16	static
lsm6dsm.c:2736:9:LSM6DSM_FIFO_Set_ODR_Value	8	static
lsm6dsm.c:2765:9:LSM6DSM_FIFO_Set_INT1_FIFO_Full	24	static
lsm6dsm.c:2790:9:LSM6DSM_FIFO_Set_Watermark_Level	8	static
lsm6dsm.c:2806:9:LSM6DSM_FIFO_Set_Stop_On_Fth	8	static
lsm6dsm.c:2822:9:LSM6DSM_FIFO_Set_Mode	8	static
lsm6dsm.c:2860:9:LSM6DSM_FIFO_Get_Pattern	8	static
lsm6dsm.c:2876:9:LSM6DSM_FIFO_Get_Data	8	static
lsm6dsm.c:2892:9:LSM6DSM_FIFO_ACC_Set_Decimation	8	static
lsm6dsm.c:2933:9:LSM6DSM_FIFO_ACC_Get_Axis	24	static
lsm6dsm.c:2964:9:LSM6DSM_FIFO_GYRO_Set_Decimation	8	static
lsm6dsm.c:3005:9:LSM6DSM_FIFO_GYRO_Get_Axis	24	static
