PCM1774.c:310:9:PCM1774_SetResolution	0	static
PCM1774.c:315:9:PCM1774_GetResolution	0	static
PCM1774.c:320:9:PCM1774_SetProtocol	0	static
PCM1774.c:325:9:PCM1774_GetProtocol	0	static
PCM1774.c:330:9:PCM1774_GetVolume	0	static
PCM1774.c:335:9:PCM1774_GetFrequency	0	static
PCM1774.c:348:16:ReadRegWrap	8	static
PCM1774.c:372:16:WriteRegWrap	8	static
PCM1774.c:142:9:PCM1774_Init	8	static
PCM1774.c:163:9:PCM1774_DeInit	8	static
PCM1774.c:180:9:PCM1774_ReadID	8	static
PCM1774.c:191:9:PCM1774_Play	8	static
PCM1774.c:211:9:PCM1774_Pause	8	static
PCM1774.c:224:9:PCM1774_Resume	8	static
PCM1774.c:244:9:PCM1774_Stop	8	static
PCM1774.c:264:9:PCM1774_SetVolume	8	static
PCM1774.c:276:9:PCM1774_SetMute	8	static
PCM1774.c:288:9:PCM1774_SetOutputMode	8	static
PCM1774.c:296:9:PCM1774_SetFrequency	8	static
PCM1774.c:304:9:PCM1774_Reset	8	static
PCM1774.c:102:9:PCM1774_RegisterBusIO	8	static
